ORDER 0 AAPL 0 0 10000 1 0
ORDER 75000 AAPL 0 0 10000 1 75000
ORDER 1 AAPL 0 0 10000 1 1
ORDER 25000 AAPL 0 0 10000 1 25000
ORDER 2 AAPL 0 0 10000 1 2
ORDER 25001 AAPL 0 0 10000 1 25001
ORDER 50000 AAPL 0 0 10000 1 50000
ORDER 25002 AAPL 0 0 10000 1 25002
ORDER 25003 AAPL 0 0 10000 1 25003
ORDER 25004 AAPL 0 0 10000 1 25004
ORDER 25005 AAPL 0 0 10000 1 25005
ORDER 25006 AAPL 0 0 10000 1 25006
ORDER 50001 AAPL 0 0 10000 1 50001
ORDER 50002 AAPL 0 0 10000 1 50002
ORDER 50003 AAPL 0 0 10000 1 50003
ORDER 50004 AAPL 0 0 10000 1 50004
ORDER 50005 AAPL 0 0 10000 1 50005
ORDER 50006 AAPL 0 0 10000 1 50006
ORDER 50007 AAPL 0 0 10000 1 50007
ORDER 50008 AAPL 0 0 10000 1 50008
ORDER 50009 AAPL 0 0 10000 1 50009
ORDER 75001 AAPL 0 0 10000 1 75001
ORDER 25007 AAPL 0 0 10000 1 25007
ORDER 75002 AAPL 0 0 10000 1 75002
ORDER 75003 AAPL 0 0 10000 1 75003
ORDER 75004 AAPL 0 0 10000 1 75004
ORDER 75005 AAPL 0 0 10000 1 75005
ORDER 75006 AAPL 0 0 10000 1 75006
ORDER 75007 AAPL 0 0 10000 1 75007
ORDER 75008 AAPL 0 0 10000 1 75008
ORDER 75009 AAPL 0 0 10000 1 75009
ORDER 3 AAPL 0 0 10000 1 3
ORDER 4 AAPL 0 0 10000 1 4
ORDER 5 AAPL 0 0 10000 1 5
ORDER 6 AAPL 0 0 10000 1 6
ORDER 7 AAPL 0 0 10000 1 7
ORDER 8 AAPL 0 0 10000 1 8
ORDER 9 AAPL 0 0 10000 1 9
ORDER 10 AAPL 0 0 10000 1 10
ORDER 11 AAPL 0 0 10000 1 11
ORDER 12 AAPL 0 0 10000 1 12
ORDER 13 AAPL 0 0 10000 1 13
ORDER 14 AAPL 0 0 10000 1 14
ORDER 15 AAPL 0 0 10000 1 15
ORDER 16 AAPL 0 0 10000 1 16
ORDER 17 AAPL 0 0 10000 1 17
ORDER 18 AAPL 0 0 10000 1 18
ORDER 19 AAPL 0 0 10000 1 19
ORDER 20 AAPL 0 0 10000 1 20
ORDER 21 AAPL 0 0 10000 1 21
ORDER 22 AAPL 0 0 10000 1 22
ORDER 50010 AAPL 0 0 10000 1 50010
ORDER 23 AAPL 0 0 10000 1 23
ORDER 24 AAPL 0 0 10000 1 24
ORDER 25 AAPL 0 0 10000 1 25
ORDER 26 AAPL 0 0 10000 1 26
ORDER 27 AAPL 0 0 10000 1 27
ORDER 28 AAPL 0 0 10000 1 28
ORDER 29 AAPL 0 0 10000 1 29
ORDER 30 AAPL 0 0 10000 1 30
ORDER 31 AAPL 0 0 10000 1 31
ORDER 32 AAPL 0 0 10000 1 32
ORDER 33 AAPL 0 0 10000 1 33
ORDER 34 AAPL 0 0 10000 1 34
ORDER 35 AAPL 0 0 10000 1 35
ORDER 36 AAPL 0 0 10000 1 36
ORDER 75010 AAPL 0 0 10000 1 75010
ORDER 75011 AAPL 0 0 10000 1 75011
ORDER 50011 AAPL 0 0 10000 1 50011
ORDER 50012 AAPL 0 0 10000 1 50012
ORDER 50013 AAPL 0 0 10000 1 50013
ORDER 50014 AAPL 0 0 10000 1 50014
ORDER 50015 AAPL 0 0 10000 1 50015
ORDER 50016 AAPL 0 0 10000 1 50016
ORDER 50017 AAPL 0 0 10000 1 50017
ORDER 50018 AAPL 0 0 10000 1 50018
ORDER 50019 AAPL 0 0 10000 1 50019
ORDER 50020 AAPL 0 0 10000 1 50020
ORDER 50021 AAPL 0 0 10000 1 50021
ORDER 50022 AAPL 0 0 10000 1 50022
ORDER 50023 AAPL 0 0 10000 1 50023
ORDER 50024 AAPL 0 0 10000 1 50024
ORDER 50025 AAPL 0 0 10000 1 50025
ORDER 50026 AAPL 0 0 10000 1 50026
ORDER 50027 AAPL 0 0 10000 1 50027
ORDER 50028 AAPL 0 0 10000 1 50028
ORDER 50029 AAPL 0 0 10000 1 50029
ORDER 50030 AAPL 0 0 10000 1 50030
ORDER 50031 AAPL 0 0 10000 1 50031
ORDER 50032 AAPL 0 0 10000 1 50032
ORDER 37 AAPL 0 0 10000 1 37
ORDER 50033 AAPL 0 0 10000 1 50033
ORDER 50034 AAPL 0 0 10000 1 50034
ORDER 50035 AAPL 0 0 10000 1 50035
ORDER 50036 AAPL 0 0 10000 1 50036
ORDER 50037 AAPL 0 0 10000 1 50037
ORDER 25008 AAPL 0 0 10000 1 25008
ORDER 38 AAPL 0 0 10000 1 38
ORDER 75012 AAPL 0 0 10000 1 75012
ORDER 75013 AAPL 0 0 10000 1 75013
ORDER 75014 AAPL 0 0 10000 1 75014
ORDER 75015 AAPL 0 0 10000 1 75015
ORDER 75016 AAPL 0 0 10000 1 75016
ORDER 75017 AAPL 0 0 10000 1 75017
ORDER 39 AAPL 0 0 10000 1 39
ORDER 40 AAPL 0 0 10000 1 40
ORDER 75018 AAPL 0 0 10000 1 75018
ORDER 75019 AAPL 0 0 10000 1 75019
ORDER 75020 AAPL 0 0 10000 1 75020
ORDER 75021 AAPL 0 0 10000 1 75021
ORDER 75022 AAPL 0 0 10000 1 75022
ORDER 50038 AAPL 0 0 10000 1 50038
ORDER 50039 AAPL 0 0 10000 1 50039
ORDER 41 AAPL 0 0 10000 1 41
ORDER 42 AAPL 0 0 10000 1 42
ORDER 43 AAPL 0 0 10000 1 43
ORDER 44 AAPL 0 0 10000 1 44
ORDER 45 AAPL 0 0 10000 1 45
ORDER 46 AAPL 0 0 10000 1 46
ORDER 47 AAPL 0 0 10000 1 47
ORDER 48 AAPL 0 0 10000 1 48
ORDER 49 AAPL 0 0 10000 1 49
ORDER 50 AAPL 0 0 10000 1 50
ORDER 51 AAPL 0 0 10000 1 51
ORDER 52 AAPL 0 0 10000 1 52
ORDER 75023 AAPL 0 0 10000 1 75023
ORDER 50040 AAPL 0 0 10000 1 50040
ORDER 75024 AAPL 0 0 10000 1 75024
ORDER 75025 AAPL 0 0 10000 1 75025
ORDER 75026 AAPL 0 0 10000 1 75026
ORDER 75027 AAPL 0 0 10000 1 75027
ORDER 75028 AAPL 0 0 10000 1 75028
ORDER 75029 AAPL 0 0 10000 1 75029
ORDER 75030 AAPL 0 0 10000 1 75030
ORDER 75031 AAPL 0 0 10000 1 75031
ORDER 53 AAPL 0 0 10000 1 53
ORDER 54 AAPL 0 0 10000 1 54
ORDER 55 AAPL 0 0 10000 1 55
ORDER 75032 AAPL 0 0 10000 1 75032
ORDER 56 AAPL 0 0 10000 1 56
ORDER 57 AAPL 0 0 10000 1 57
ORDER 58 AAPL 0 0 10000 1 58
ORDER 59 AAPL 0 0 10000 1 59
ORDER 60 AAPL 0 0 10000 1 60
ORDER 61 AAPL 0 0 10000 1 61
ORDER 62 AAPL 0 0 10000 1 62
ORDER 25009 AAPL 0 0 10000 1 25009
ORDER 25010 AAPL 0 0 10000 1 25010
ORDER 25011 AAPL 0 0 10000 1 25011
ORDER 63 AAPL 0 0 10000 1 63
ORDER 50041 AAPL 0 0 10000 1 50041
ORDER 25012 AAPL 0 0 10000 1 25012
ORDER 50042 AAPL 0 0 10000 1 50042
ORDER 75033 AAPL 0 0 10000 1 75033
ORDER 75034 AAPL 0 0 10000 1 75034
ORDER 25013 AAPL 0 0 10000 1 25013
ORDER 25014 AAPL 0 0 10000 1 25014
ORDER 25015 AAPL 0 0 10000 1 25015
ORDER 75035 AAPL 0 0 10000 1 75035
ORDER 75036 AAPL 0 0 10000 1 75036
ORDER 75037 AAPL 0 0 10000 1 75037
ORDER 25016 AAPL 0 0 10000 1 25016
ORDER 64 AAPL 0 0 10000 1 64
ORDER 65 AAPL 0 0 10000 1 65
ORDER 66 AAPL 0 0 10000 1 66
ORDER 67 AAPL 0 0 10000 1 67
ORDER 68 AAPL 0 0 10000 1 68
ORDER 69 AAPL 0 0 10000 1 69
ORDER 70 AAPL 0 0 10000 1 70
ORDER 71 AAPL 0 0 10000 1 71
ORDER 72 AAPL 0 0 10000 1 72
ORDER 73 AAPL 0 0 10000 1 73
ORDER 25017 AAPL 0 0 10000 1 25017
ORDER 25018 AAPL 0 0 10000 1 25018
ORDER 50043 AAPL 0 0 10000 1 50043
ORDER 50044 AAPL 0 0 10000 1 50044
ORDER 50045 AAPL 0 0 10000 1 50045
ORDER 50046 AAPL 0 0 10000 1 50046
ORDER 50047 AAPL 0 0 10000 1 50047
ORDER 50048 AAPL 0 0 10000 1 50048
ORDER 50049 AAPL 0 0 10000 1 50049
ORDER 50050 AAPL 0 0 10000 1 50050
ORDER 50051 AAPL 0 0 10000 1 50051
ORDER 50052 AAPL 0 0 10000 1 50052
ORDER 50053 AAPL 0 0 10000 1 50053
ORDER 50054 AAPL 0 0 10000 1 50054
ORDER 75038 AAPL 0 0 10000 1 75038
ORDER 75039 AAPL 0 0 10000 1 75039
ORDER 75040 AAPL 0 0 10000 1 75040
ORDER 75041 AAPL 0 0 10000 1 75041
ORDER 75042 AAPL 0 0 10000 1 75042
ORDER 75043 AAPL 0 0 10000 1 75043
ORDER 25019 AAPL 0 0 10000 1 25019
ORDER 25020 AAPL 0 0 10000 1 25020
ORDER 25021 AAPL 0 0 10000 1 25021
ORDER 75044 AAPL 0 0 10000 1 75044
ORDER 50055 AAPL 0 0 10000 1 50055
ORDER 74 AAPL 0 0 10000 1 74
ORDER 75 AAPL 0 0 10000 1 75
ORDER 76 AAPL 0 0 10000 1 76
ORDER 75045 AAPL 0 0 10000 1 75045
ORDER 75046 AAPL 0 0 10000 1 75046
ORDER 75047 AAPL 0 0 10000 1 75047
ORDER 77 AAPL 0 0 10000 1 77
ORDER 78 AAPL 0 0 10000 1 78
ORDER 79 AAPL 0 0 10000 1 79
ORDER 80 AAPL 0 0 10000 1 80
ORDER 81 AAPL 0 0 10000 1 81
ORDER 82 AAPL 0 0 10000 1 82
ORDER 83 AAPL 0 0 10000 1 83
ORDER 84 AAPL 0 0 10000 1 84
ORDER 85 AAPL 0 0 10000 1 85
ORDER 86 AAPL 0 0 10000 1 86
ORDER 87 AAPL 0 0 10000 1 87
ORDER 88 AAPL 0 0 10000 1 88
ORDER 75048 AAPL 0 0 10000 1 75048
ORDER 89 AAPL 0 0 10000 1 89
ORDER 90 AAPL 0 0 10000 1 90
ORDER 25022 AAPL 0 0 10000 1 25022
ORDER 25023 AAPL 0 0 10000 1 25023
ORDER 25024 AAPL 0 0 10000 1 25024
ORDER 91 AAPL 0 0 10000 1 91
ORDER 92 AAPL 0 0 10000 1 92
ORDER 93 AAPL 0 0 10000 1 93
ORDER 94 AAPL 0 0 10000 1 94
ORDER 95 AAPL 0 0 10000 1 95
ORDER 96 AAPL 0 0 10000 1 96
ORDER 97 AAPL 0 0 10000 1 97
ORDER 98 AAPL 0 0 10000 1 98
ORDER 99 AAPL 0 0 10000 1 99
ORDER 100 AAPL 0 0 10000 1 100
ORDER 75049 AAPL 0 0 10000 1 75049
ORDER 75050 AAPL 0 0 10000 1 75050
ORDER 75051 AAPL 0 0 10000 1 75051
ORDER 75052 AAPL 0 0 10000 1 75052
ORDER 75053 AAPL 0 0 10000 1 75053
ORDER 75054 AAPL 0 0 10000 1 75054
ORDER 75055 AAPL 0 0 10000 1 75055
ORDER 75056 AAPL 0 0 10000 1 75056
ORDER 101 AAPL 0 0 10000 1 101
ORDER 102 AAPL 0 0 10000 1 102
ORDER 103 AAPL 0 0 10000 1 103
ORDER 104 AAPL 0 0 10000 1 104
ORDER 105 AAPL 0 0 10000 1 105
ORDER 106 AAPL 0 0 10000 1 106
ORDER 25025 AAPL 0 0 10000 1 25025
ORDER 25026 AAPL 0 0 10000 1 25026
ORDER 107 AAPL 0 0 10000 1 107
ORDER 50056 AAPL 0 0 10000 1 50056
ORDER 25027 AAPL 0 0 10000 1 25027
ORDER 108 AAPL 0 0 10000 1 108
ORDER 109 AAPL 0 0 10000 1 109
ORDER 75057 AAPL 0 0 10000 1 75057
ORDER 75058 AAPL 0 0 10000 1 75058
ORDER 75059 AAPL 0 0 10000 1 75059
ORDER 75060 AAPL 0 0 10000 1 75060
ORDER 75061 AAPL 0 0 10000 1 75061
ORDER 75062 AAPL 0 0 10000 1 75062
ORDER 75063 AAPL 0 0 10000 1 75063
ORDER 75064 AAPL 0 0 10000 1 75064
ORDER 75065 AAPL 0 0 10000 1 75065
ORDER 110 AAPL 0 0 10000 1 110
ORDER 50057 AAPL 0 0 10000 1 50057
ORDER 75066 AAPL 0 0 10000 1 75066
ORDER 75067 AAPL 0 0 10000 1 75067
ORDER 111 AAPL 0 0 10000 1 111
ORDER 112 AAPL 0 0 10000 1 112
ORDER 113 AAPL 0 0 10000 1 113
ORDER 114 AAPL 0 0 10000 1 114
ORDER 115 AAPL 0 0 10000 1 115
ORDER 116 AAPL 0 0 10000 1 116
ORDER 117 AAPL 0 0 10000 1 117
ORDER 50058 AAPL 0 0 10000 1 50058
ORDER 118 AAPL 0 0 10000 1 118
ORDER 119 AAPL 0 0 10000 1 119
ORDER 120 AAPL 0 0 10000 1 120
ORDER 121 AAPL 0 0 10000 1 121
ORDER 122 AAPL 0 0 10000 1 122
ORDER 123 AAPL 0 0 10000 1 123
ORDER 124 AAPL 0 0 10000 1 124
ORDER 50059 AAPL 0 0 10000 1 50059
ORDER 50060 AAPL 0 0 10000 1 50060
ORDER 50061 AAPL 0 0 10000 1 50061
ORDER 50062 AAPL 0 0 10000 1 50062
ORDER 50063 AAPL 0 0 10000 1 50063
ORDER 125 AAPL 0 0 10000 1 125
ORDER 50064 AAPL 0 0 10000 1 50064
ORDER 75068 AAPL 0 0 10000 1 75068
ORDER 50065 AAPL 0 0 10000 1 50065
ORDER 50066 AAPL 0 0 10000 1 50066
ORDER 50067 AAPL 0 0 10000 1 50067
ORDER 50068 AAPL 0 0 10000 1 50068
ORDER 50069 AAPL 0 0 10000 1 50069
ORDER 50070 AAPL 0 0 10000 1 50070
ORDER 50071 AAPL 0 0 10000 1 50071
ORDER 50072 AAPL 0 0 10000 1 50072
ORDER 50073 AAPL 0 0 10000 1 50073
ORDER 50074 AAPL 0 0 10000 1 50074
ORDER 50075 AAPL 0 0 10000 1 50075
ORDER 126 AAPL 0 0 10000 1 126
ORDER 127 AAPL 0 0 10000 1 127
ORDER 128 AAPL 0 0 10000 1 128
ORDER 50076 AAPL 0 0 10000 1 50076
ORDER 50077 AAPL 0 0 10000 1 50077
ORDER 50078 AAPL 0 0 10000 1 50078
ORDER 50079 AAPL 0 0 10000 1 50079
ORDER 50080 AAPL 0 0 10000 1 50080
ORDER 75069 AAPL 0 0 10000 1 75069
ORDER 25028 AAPL 0 0 10000 1 25028
ORDER 25029 AAPL 0 0 10000 1 25029
ORDER 50081 AAPL 0 0 10000 1 50081
ORDER 50082 AAPL 0 0 10000 1 50082
ORDER 50083 AAPL 0 0 10000 1 50083
ORDER 50084 AAPL 0 0 10000 1 50084
ORDER 50085 AAPL 0 0 10000 1 50085
ORDER 50086 AAPL 0 0 10000 1 50086
ORDER 50087 AAPL 0 0 10000 1 50087
ORDER 50088 AAPL 0 0 10000 1 50088
ORDER 50089 AAPL 0 0 10000 1 50089
ORDER 50090 AAPL 0 0 10000 1 50090
ORDER 50091 AAPL 0 0 10000 1 50091
ORDER 25030 AAPL 0 0 10000 1 25030
ORDER 25031 AAPL 0 0 10000 1 25031
ORDER 25032 AAPL 0 0 10000 1 25032
ORDER 25033 AAPL 0 0 10000 1 25033
ORDER 25034 AAPL 0 0 10000 1 25034
ORDER 25035 AAPL 0 0 10000 1 25035
ORDER 25036 AAPL 0 0 10000 1 25036
ORDER 50092 AAPL 0 0 10000 1 50092
ORDER 50093 AAPL 0 0 10000 1 50093
ORDER 50094 AAPL 0 0 10000 1 50094
ORDER 50095 AAPL 0 0 10000 1 50095
ORDER 50096 AAPL 0 0 10000 1 50096
ORDER 129 AAPL 0 0 10000 1 129
ORDER 130 AAPL 0 0 10000 1 130
ORDER 131 AAPL 0 0 10000 1 131
ORDER 25037 AAPL 0 0 10000 1 25037
ORDER 25038 AAPL 0 0 10000 1 25038
ORDER 50097 AAPL 0 0 10000 1 50097
ORDER 50098 AAPL 0 0 10000 1 50098
ORDER 50099 AAPL 0 0 10000 1 50099
ORDER 50100 AAPL 0 0 10000 1 50100
ORDER 25039 AAPL 0 0 10000 1 25039
ORDER 25040 AAPL 0 0 10000 1 25040
ORDER 25041 AAPL 0 0 10000 1 25041
ORDER 25042 AAPL 0 0 10000 1 25042
ORDER 25043 AAPL 0 0 10000 1 25043
ORDER 25044 AAPL 0 0 10000 1 25044
ORDER 25045 AAPL 0 0 10000 1 25045
ORDER 25046 AAPL 0 0 10000 1 25046
ORDER 25047 AAPL 0 0 10000 1 25047
ORDER 50101 AAPL 0 0 10000 1 50101
ORDER 50102 AAPL 0 0 10000 1 50102
ORDER 75070 AAPL 0 0 10000 1 75070
ORDER 50103 AAPL 0 0 10000 1 50103
ORDER 50104 AAPL 0 0 10000 1 50104
ORDER 50105 AAPL 0 0 10000 1 50105
ORDER 50106 AAPL 0 0 10000 1 50106
ORDER 50107 AAPL 0 0 10000 1 50107
ORDER 50108 AAPL 0 0 10000 1 50108
ORDER 50109 AAPL 0 0 10000 1 50109
ORDER 50110 AAPL 0 0 10000 1 50110
ORDER 50111 AAPL 0 0 10000 1 50111
ORDER 50112 AAPL 0 0 10000 1 50112
ORDER 50113 AAPL 0 0 10000 1 50113
ORDER 75071 AAPL 0 0 10000 1 75071
ORDER 132 AAPL 0 0 10000 1 132
ORDER 133 AAPL 0 0 10000 1 133
ORDER 134 AAPL 0 0 10000 1 134
ORDER 135 AAPL 0 0 10000 1 135
ORDER 136 AAPL 0 0 10000 1 136
ORDER 137 AAPL 0 0 10000 1 137
ORDER 138 AAPL 0 0 10000 1 138
ORDER 139 AAPL 0 0 10000 1 139
ORDER 140 AAPL 0 0 10000 1 140
ORDER 141 AAPL 0 0 10000 1 141
ORDER 142 AAPL 0 0 10000 1 142
ORDER 50114 AAPL 0 0 10000 1 50114
ORDER 50115 AAPL 0 0 10000 1 50115
ORDER 50116 AAPL 0 0 10000 1 50116
ORDER 50117 AAPL 0 0 10000 1 50117
ORDER 50118 AAPL 0 0 10000 1 50118
ORDER 50119 AAPL 0 0 10000 1 50119
ORDER 50120 AAPL 0 0 10000 1 50120
ORDER 50121 AAPL 0 0 10000 1 50121
ORDER 50122 AAPL 0 0 10000 1 50122
ORDER 50123 AAPL 0 0 10000 1 50123
ORDER 50124 AAPL 0 0 10000 1 50124
ORDER 50125 AAPL 0 0 10000 1 50125
ORDER 50126 AAPL 0 0 10000 1 50126
ORDER 50127 AAPL 0 0 10000 1 50127
ORDER 50128 AAPL 0 0 10000 1 50128
ORDER 50129 AAPL 0 0 10000 1 50129
ORDER 50130 AAPL 0 0 10000 1 50130
ORDER 50131 AAPL 0 0 10000 1 50131
ORDER 50132 AAPL 0 0 10000 1 50132
ORDER 50133 AAPL 0 0 10000 1 50133
ORDER 50134 AAPL 0 0 10000 1 50134
ORDER 50135 AAPL 0 0 10000 1 50135
ORDER 50136 AAPL 0 0 10000 1 50136
ORDER 50137 AAPL 0 0 10000 1 50137
ORDER 50138 AAPL 0 0 10000 1 50138
ORDER 50139 AAPL 0 0 10000 1 50139
ORDER 50140 AAPL 0 0 10000 1 50140
ORDER 50141 AAPL 0 0 10000 1 50141
ORDER 25048 AAPL 0 0 10000 1 25048
ORDER 25049 AAPL 0 0 10000 1 25049
ORDER 25050 AAPL 0 0 10000 1 25050
ORDER 75072 AAPL 0 0 10000 1 75072
ORDER 143 AAPL 0 0 10000 1 143
ORDER 50142 AAPL 0 0 10000 1 50142
ORDER 75073 AAPL 0 0 10000 1 75073
ORDER 75074 AAPL 0 0 10000 1 75074
ORDER 75075 AAPL 0 0 10000 1 75075
ORDER 75076 AAPL 0 0 10000 1 75076
ORDER 75077 AAPL 0 0 10000 1 75077
ORDER 75078 AAPL 0 0 10000 1 75078
ORDER 75079 AAPL 0 0 10000 1 75079
ORDER 75080 AAPL 0 0 10000 1 75080
ORDER 25051 AAPL 0 0 10000 1 25051
ORDER 25052 AAPL 0 0 10000 1 25052
ORDER 144 AAPL 0 0 10000 1 144
ORDER 145 AAPL 0 0 10000 1 145
ORDER 146 AAPL 0 0 10000 1 146
ORDER 147 AAPL 0 0 10000 1 147
ORDER 148 AAPL 0 0 10000 1 148
ORDER 149 AAPL 0 0 10000 1 149
ORDER 150 AAPL 0 0 10000 1 150
ORDER 25053 AAPL 0 0 10000 1 25053
ORDER 25054 AAPL 0 0 10000 1 25054
ORDER 25055 AAPL 0 0 10000 1 25055
ORDER 25056 AAPL 0 0 10000 1 25056
ORDER 25057 AAPL 0 0 10000 1 25057
ORDER 25058 AAPL 0 0 10000 1 25058
ORDER 25059 AAPL 0 0 10000 1 25059
ORDER 25060 AAPL 0 0 10000 1 25060
ORDER 151 AAPL 0 0 10000 1 151
ORDER 152 AAPL 0 0 10000 1 152
ORDER 153 AAPL 0 0 10000 1 153
ORDER 154 AAPL 0 0 10000 1 154
ORDER 25061 AAPL 0 0 10000 1 25061
ORDER 50143 AAPL 0 0 10000 1 50143
ORDER 75081 AAPL 0 0 10000 1 75081
ORDER 50144 AAPL 0 0 10000 1 50144
ORDER 50145 AAPL 0 0 10000 1 50145
ORDER 50146 AAPL 0 0 10000 1 50146
ORDER 50147 AAPL 0 0 10000 1 50147
ORDER 50148 AAPL 0 0 10000 1 50148
ORDER 50149 AAPL 0 0 10000 1 50149
ORDER 155 AAPL 0 0 10000 1 155
ORDER 156 AAPL 0 0 10000 1 156
ORDER 25062 AAPL 0 0 10000 1 25062
ORDER 25063 AAPL 0 0 10000 1 25063
ORDER 25064 AAPL 0 0 10000 1 25064
ORDER 25065 AAPL 0 0 10000 1 25065
ORDER 25066 AAPL 0 0 10000 1 25066
ORDER 25067 AAPL 0 0 10000 1 25067
ORDER 25068 AAPL 0 0 10000 1 25068
ORDER 75082 AAPL 0 0 10000 1 75082
ORDER 75083 AAPL 0 0 10000 1 75083
ORDER 75084 AAPL 0 0 10000 1 75084
ORDER 75085 AAPL 0 0 10000 1 75085
ORDER 75086 AAPL 0 0 10000 1 75086
ORDER 75087 AAPL 0 0 10000 1 75087
ORDER 75088 AAPL 0 0 10000 1 75088
ORDER 75089 AAPL 0 0 10000 1 75089
ORDER 75090 AAPL 0 0 10000 1 75090
ORDER 75091 AAPL 0 0 10000 1 75091
ORDER 75092 AAPL 0 0 10000 1 75092
ORDER 75093 AAPL 0 0 10000 1 75093
ORDER 75094 AAPL 0 0 10000 1 75094
ORDER 75095 AAPL 0 0 10000 1 75095
ORDER 75096 AAPL 0 0 10000 1 75096
ORDER 75097 AAPL 0 0 10000 1 75097
ORDER 75098 AAPL 0 0 10000 1 75098
ORDER 75099 AAPL 0 0 10000 1 75099
ORDER 75100 AAPL 0 0 10000 1 75100
ORDER 75101 AAPL 0 0 10000 1 75101
ORDER 75102 AAPL 0 0 10000 1 75102
ORDER 75103 AAPL 0 0 10000 1 75103
ORDER 75104 AAPL 0 0 10000 1 75104
ORDER 75105 AAPL 0 0 10000 1 75105
ORDER 75106 AAPL 0 0 10000 1 75106
ORDER 75107 AAPL 0 0 10000 1 75107
ORDER 75108 AAPL 0 0 10000 1 75108
ORDER 75109 AAPL 0 0 10000 1 75109
ORDER 75110 AAPL 0 0 10000 1 75110
ORDER 75111 AAPL 0 0 10000 1 75111
ORDER 75112 AAPL 0 0 10000 1 75112
ORDER 75113 AAPL 0 0 10000 1 75113
ORDER 75114 AAPL 0 0 10000 1 75114
ORDER 75115 AAPL 0 0 10000 1 75115
ORDER 75116 AAPL 0 0 10000 1 75116
ORDER 75117 AAPL 0 0 10000 1 75117
ORDER 75118 AAPL 0 0 10000 1 75118
ORDER 75119 AAPL 0 0 10000 1 75119
ORDER 75120 AAPL 0 0 10000 1 75120
ORDER 75121 AAPL 0 0 10000 1 75121
ORDER 75122 AAPL 0 0 10000 1 75122
ORDER 75123 AAPL 0 0 10000 1 75123
ORDER 75124 AAPL 0 0 10000 1 75124
ORDER 75125 AAPL 0 0 10000 1 75125
ORDER 75126 AAPL 0 0 10000 1 75126
ORDER 75127 AAPL 0 0 10000 1 75127
ORDER 75128 AAPL 0 0 10000 1 75128
ORDER 75129 AAPL 0 0 10000 1 75129
ORDER 75130 AAPL 0 0 10000 1 75130
ORDER 75131 AAPL 0 0 10000 1 75131
ORDER 75132 AAPL 0 0 10000 1 75132
ORDER 75133 AAPL 0 0 10000 1 75133
ORDER 75134 AAPL 0 0 10000 1 75134
ORDER 75135 AAPL 0 0 10000 1 75135
ORDER 75136 AAPL 0 0 10000 1 75136
ORDER 75137 AAPL 0 0 10000 1 75137
ORDER 75138 AAPL 0 0 10000 1 75138
ORDER 75139 AAPL 0 0 10000 1 75139
ORDER 75140 AAPL 0 0 10000 1 75140
ORDER 75141 AAPL 0 0 10000 1 75141
